// Jest Snapshot v1, https://goo.gl/fbAQLP

exports[`full dom rendering full dom rendering 1`] = `ReactWrapper {}`;
